============================= test session starts ==============================
platform linux -- Python 3.11.14, pytest-9.0.2, pluggy-1.6.0 -- /opt/hostedtoolcache/Python/3.11.14/x64/bin/python
cachedir: .pytest_cache
rootdir: /home/runner/work/zendesk-ai-agent/zendesk-ai-agent
configfile: pyproject.toml
plugins: respx-0.22.0, cov-7.0.0, asyncio-1.3.0, mock-3.15.1, anyio-4.12.1
asyncio: mode=Mode.AUTO, debug=False, asyncio_default_fixture_loop_scope=None, asyncio_default_test_loop_scope=function
collecting ... collected 49 items

tests/test_config.py::TestZendeskSettings::test_valid_settings PASSED    [  2%]
tests/test_config.py::TestZendeskSettings::test_subdomain_normalization PASSED [  4%]
tests/test_config.py::TestZendeskSettings::test_invalid_subdomain_with_dot PASSED [  6%]
tests/test_config.py::TestZendeskSettings::test_empty_subdomain PASSED   [  8%]
tests/test_config.py::TestOpenAISettings::test_valid_settings PASSED     [ 10%]
tests/test_config.py::TestOpenAISettings::test_default_values PASSED     [ 12%]
tests/test_config.py::TestOpenAISettings::test_invalid_model PASSED      [ 14%]
tests/test_config.py::TestOpenAISettings::test_temperature_bounds PASSED [ 16%]
tests/test_config.py::TestOpenAISettings::test_max_tokens_bounds PASSED  [ 18%]
tests/test_config.py::TestAppSettings::test_default_values PASSED        [ 20%]
tests/test_config.py::TestAppSettings::test_poll_interval_bounds PASSED  [ 22%]
tests/test_models.py::TestTicket::test_ticket_creation PASSED            [ 24%]
tests/test_models.py::TestTicket::test_get_full_context PASSED           [ 26%]
tests/test_models.py::TestTicket::test_ticket_without_comments PASSED    [ 28%]
tests/test_models.py::TestAIResponse::test_ai_response_creation PASSED   [ 30%]
tests/test_models.py::TestProcessingResult::test_successful_result PASSED [ 32%]
tests/test_models.py::TestProcessingResult::test_failed_result PASSED    [ 34%]
tests/test_models.py::TestBatchProcessingResult::test_batch_result_success_rate FAILED [ 36%]
tests/test_models.py::TestBatchProcessingResult::test_empty_batch_success_rate PASSED [ 38%]
tests/test_openai_client.py::TestOpenAIClient::test_generate_response_success PASSED [ 40%]
tests/test_openai_client.py::TestOpenAIClient::test_generate_response_with_custom_prompt PASSED [ 42%]
tests/test_openai_client.py::TestOpenAIClient::test_generate_response_rate_limit PASSED [ 44%]
tests/test_openai_client.py::TestOpenAIClient::test_generate_response_api_error PASSED [ 46%]
tests/test_openai_client.py::TestOpenAIClient::test_verify_connection_success PASSED [ 48%]
tests/test_openai_client.py::TestOpenAIClient::test_context_manager PASSED [ 51%]
tests/test_processor.py::TestTicketProcessor::test_process_ticket_success_dry_run PASSED [ 53%]
tests/test_processor.py::TestTicketProcessor::test_process_ticket_success_with_post PASSED [ 55%]
tests/test_processor.py::TestTicketProcessor::test_process_ticket_zendesk_error PASSED [ 57%]
tests/test_processor.py::TestTicketProcessor::test_process_ticket_openai_error PASSED [ 59%]
tests/test_processor.py::TestTicketProcessor::test_process_new_tickets_success FAILED [ 61%]
tests/test_processor.py::TestTicketProcessor::test_process_new_tickets_partial_failure PASSED [ 63%]
tests/test_processor.py::TestTicketProcessor::test_process_new_tickets_empty PASSED [ 65%]
tests/test_validators.py::TestTicketInput::test_valid_ticket_input PASSED [ 67%]
tests/test_validators.py::TestTicketInput::test_invalid_ticket_id PASSED [ 69%]
tests/test_validators.py::TestTicketInput::test_empty_subject PASSED     [ 71%]
tests/test_validators.py::TestTicketInput::test_invalid_priority PASSED  [ 73%]
tests/test_validators.py::TestTicketInput::test_priority_normalized_to_lowercase PASSED [ 75%]
tests/test_validators.py::TestResponseConfig::test_valid_config PASSED   [ 77%]
tests/test_validators.py::TestResponseConfig::test_max_tokens_too_low PASSED [ 79%]
tests/test_validators.py::TestResponseConfig::test_max_tokens_too_high PASSED [ 81%]
tests/test_validators.py::TestResponseConfig::test_temperature_too_low PASSED [ 83%]
tests/test_validators.py::TestResponseConfig::test_temperature_too_high PASSED [ 85%]
tests/test_zendesk_client.py::TestZendeskClient::test_base_url_construction PASSED [ 87%]
tests/test_zendesk_client.py::TestZendeskClient::test_get_ticket_success PASSED [ 89%]
tests/test_zendesk_client.py::TestZendeskClient::test_get_ticket_auth_error PASSED [ 91%]
tests/test_zendesk_client.py::TestZendeskClient::test_handle_response_rate_limit PASSED [ 93%]
tests/test_zendesk_client.py::TestZendeskClient::test_add_comment_success PASSED [ 95%]
tests/test_zendesk_client.py::TestZendeskClient::test_get_new_tickets PASSED [ 97%]
tests/test_zendesk_client.py::TestZendeskClient::test_context_manager PASSED [100%]

=================================== FAILURES ===================================
___________ TestBatchProcessingResult.test_batch_result_success_rate ___________

self = <tests.test_models.TestBatchProcessingResult object at 0x7f414cc3ac90>

    def test_batch_result_success_rate(self):
        """Test success rate calculation."""
        results = [
            ProcessingResult(ticket_id=1, success=True, processing_time_ms=100),
            ProcessingResult(ticket_id=2, success=True, processing_time_ms=100),
            ProcessingResult(ticket_id=3, success=False, error_message="Error", processing_time_ms=100),
            ProcessingResult(ticket_id=4, success=True, processing_time_ms=100),
        ]
    
        batch = BatchProcessingResult(
            total_tickets=4,
            successful=3,
            failed=1,
            results=results,
            started_at=datetime.now(timezone.utc),
            completed_at=datetime.now(timezone.utc),
        )
    
>       assert batch.success_rate == 0.75
E       AssertionError: assert 0.25 == 0.75
E        +  where 0.25 = BatchProcessingResult(total_tickets=4, successful=3, failed=1, results=[ProcessingResult(ticket_id=1, success=True, response=None, error_message=None, processing_time_ms=100.0), ProcessingResult(ticket_id=2, success=True, response=None, error_message=None, processing_time_ms=100.0), ProcessingResult(ticket_id=3, success=False, response=None, error_message='Error', processing_time_ms=100.0), ProcessingResult(ticket_id=4, success=True, response=None, error_message=None, processing_time_ms=100.0)], started_at=datetime.datetime(2026, 1, 20, 12, 44, 5, 376299, tzinfo=datetime.timezone.utc), completed_at=datetime.datetime(2026, 1, 20, 12, 44, 5, 376301, tzinfo=datetime.timezone.utc)).success_rate

tests/test_models.py:135: AssertionError
_____________ TestTicketProcessor.test_process_new_tickets_success _____________

self = <tests.test_processor.TestTicketProcessor object at 0x7f414cbced90>
processor = <src.processor.TicketProcessor object at 0x7f414cbcec50>
mock_zendesk_client = <MagicMock spec='ZendeskClient' id='139918438803792'>
mock_openai_client = <MagicMock spec='OpenAIClient' id='139918436984080'>

    def test_process_new_tickets_success(
        self,
        processor: TicketProcessor,
        mock_zendesk_client: MagicMock,
        mock_openai_client: MagicMock,
    ):
        """Test batch processing of new tickets."""
        tickets = [
            Ticket(
                id=i,
                subject=f"Ticket {i}",
                description=f"Description {i}",
                status=TicketStatus.NEW,
                requester_id=1,
                created_at=datetime.now(timezone.utc),
                updated_at=datetime.now(timezone.utc),
            )
            for i in range(1, 4)
        ]
    
        mock_zendesk_client.get_new_tickets.return_value = tickets
        mock_zendesk_client.get_ticket_with_comments.side_effect = tickets
    
        mock_openai_client.generate_response.return_value = AIResponse(
            ticket_id=0,
            response_text="Response",
            model_used="gpt-4",
            tokens_used=100,
        )
    
        result = processor.process_new_tickets()
    
        assert result.total_tickets == 3
        assert result.successful == 3
        assert result.failed == 0
>       assert result.success_rate == 1.0
E       AssertionError: assert 0.0 == 1.0
E        +  where 0.0 = BatchProcessingResult(total_tickets=3, successful=3, failed=0, results=[ProcessingResult(ticket_id=1, success=True, response=AIResponse(ticket_id=0, response_text='Response', model_used='gpt-4', tokens_used=100, confidence_score=None, generated_at=datetime.datetime(2026, 1, 20, 12, 44, 5, 603066, tzinfo=datetime.timezone.utc)), error_message=None, processing_time_ms=0.254355999999234), ProcessingResult(ticket_id=2, success=True, response=AIResponse(ticket_id=0, response_text='Response', model_used='gpt-4', tokens_used=100, confidence_score=None, generated_at=datetime.datetime(2026, 1, 20, 12, 44, 5, 603066, tzinfo=datetime.timezone.utc)), error_message=None, processing_time_ms=0.248544000001516), ProcessingResult(ticket_id=3, success=True, response=AIResponse(ticket_id=0, response_text='Response', model_used='gpt-4', tokens_used=100, confidence_score=None, generated_at=datetime.datetime(2026, 1, 20, 12, 44, 5, 603066, tzinfo=datetime.timezone.utc)), error_message=None, processing_time_ms=0.2538349999952061)], started_at=datetime.datetime(2026, 1, 20, 12, 44, 5, 603549, tzinfo=datetime.timezone.utc), completed_at=datetime.datetime(2026, 1, 20, 12, 44, 5, 605933, tzinfo=datetime.timezone.utc)).success_rate

tests/test_processor.py:164: AssertionError
----------------------------- Captured stdout call -----------------------------
2026-01-20 12:44:05 [info     ] Starting batch processing      max_tickets=10
2026-01-20 12:44:05 [info     ] Processing ticket              ticket_id=1
2026-01-20 12:44:05 [info     ] Dry run - skipping Zendesk update response_preview=Response ticket_id=1
2026-01-20 12:44:05 [info     ] Ticket processed successfully  processing_time_ms=0.254355999999234 ticket_id=1
2026-01-20 12:44:05 [info     ] Processing ticket              ticket_id=2
2026-01-20 12:44:05 [info     ] Dry run - skipping Zendesk update response_preview=Response ticket_id=2
2026-01-20 12:44:05 [info     ] Ticket processed successfully  processing_time_ms=0.248544000001516 ticket_id=2
2026-01-20 12:44:05 [info     ] Processing ticket              ticket_id=3
2026-01-20 12:44:05 [info     ] Dry run - skipping Zendesk update response_preview=Response ticket_id=3
2026-01-20 12:44:05 [info     ] Ticket processed successfully  processing_time_ms=0.2538349999952061 ticket_id=3
2026-01-20 12:44:05 [info     ] Batch processing complete      failed=0 success_rate=0.0% successful=3 total=3
================================ tests coverage ================================
_______________ coverage: platform linux, python 3.11.14-final-0 _______________

Name                    Stmts   Miss  Cover   Missing
-----------------------------------------------------
src/__init__.py             1      0   100%
src/config.py              73      4    95%   99-101, 134
src/exceptions.py          36      4    89%   93, 104-112
src/logging_config.py      21     10    52%   17-62
src/main.py               117    117     0%   3-312
src/models.py              70      0   100%
src/openai_client.py       80     25    69%   73-85, 94-95, 177-182, 213-252, 283-285
src/processor.py           89     23    74%   76-77, 121-123, 144-146, 245-247, 251-265, 269-270
src/validators.py          39      0   100%
src/zendesk_client.py      91     22    76%   43, 60, 78, 164-186, 253-255, 270-271, 302-312
-----------------------------------------------------
TOTAL                     617    205    67%
=========================== short test summary info ============================
FAILED tests/test_models.py::TestBatchProcessingResult::test_batch_result_success_rate - AssertionError: assert 0.25 == 0.75
 +  where 0.25 = BatchProcessingResult(total_tickets=4, successful=3, failed=1, results=[ProcessingResult(ticket_id=1, success=True, response=None, error_message=None, processing_time_ms=100.0), ProcessingResult(ticket_id=2, success=True, response=None, error_message=None, processing_time_ms=100.0), ProcessingResult(ticket_id=3, success=False, response=None, error_message='Error', processing_time_ms=100.0), ProcessingResult(ticket_id=4, success=True, response=None, error_message=None, processing_time_ms=100.0)], started_at=datetime.datetime(2026, 1, 20, 12, 44, 5, 376299, tzinfo=datetime.timezone.utc), completed_at=datetime.datetime(2026, 1, 20, 12, 44, 5, 376301, tzinfo=datetime.timezone.utc)).success_rate
FAILED tests/test_processor.py::TestTicketProcessor::test_process_new_tickets_success - AssertionError: assert 0.0 == 1.0
 +  where 0.0 = BatchProcessingResult(total_tickets=3, successful=3, failed=0, results=[ProcessingResult(ticket_id=1, success=True, response=AIResponse(ticket_id=0, response_text='Response', model_used='gpt-4', tokens_used=100, confidence_score=None, generated_at=datetime.datetime(2026, 1, 20, 12, 44, 5, 603066, tzinfo=datetime.timezone.utc)), error_message=None, processing_time_ms=0.254355999999234), ProcessingResult(ticket_id=2, success=True, response=AIResponse(ticket_id=0, response_text='Response', model_used='gpt-4', tokens_used=100, confidence_score=None, generated_at=datetime.datetime(2026, 1, 20, 12, 44, 5, 603066, tzinfo=datetime.timezone.utc)), error_message=None, processing_time_ms=0.248544000001516), ProcessingResult(ticket_id=3, success=True, response=AIResponse(ticket_id=0, response_text='Response', model_used='gpt-4', tokens_used=100, confidence_score=None, generated_at=datetime.datetime(2026, 1, 20, 12, 44, 5, 603066, tzinfo=datetime.timezone.utc)), error_message=None, processing_time_ms=0.2538349999952061)], started_at=datetime.datetime(2026, 1, 20, 12, 44, 5, 603549, tzinfo=datetime.timezone.utc), completed_at=datetime.datetime(2026, 1, 20, 12, 44, 5, 605933, tzinfo=datetime.timezone.utc)).success_rate
========================= 2 failed, 47 passed in 0.57s =========================
